// Jest Snapshot v1, https://goo.gl/fbAQLP

exports[`matches snapshot 1`] = `
<DocumentFragment>
  <div>
    <form>
      <label
        for="height"
      >
        Height (px): 
      </label>
      <input
        id="width"
        name="height"
        placeholder="10"
        type="number"
        value="10"
      />
      <label
        for="width"
      >
        Width (px): 
      </label>
      <input
        id="width"
        name="width"
        placeholder="10"
        type="number"
        value="10"
      />
      <label
        for="color"
      >
        Color: 
      </label>
      <select
        name="color"
      >
        <option
          value="blue"
        >
          blue
        </option>
        <option
          value="green"
        >
          green
        </option>
        <option
          value="yellow"
        >
          yellow
        </option>
        <option
          value="red"
        >
          red
        </option>
        <option
          value="purple"
        >
          purple
        </option>
        <option
          value="orange"
        >
          orange
        </option>
        <option
          value="magenta"
        >
          magenta
        </option>
        <option
          value="black"
        >
          black
        </option>
      </select>
      <button>
        Add it!
      </button>
    </form>
  </div>
</DocumentFragment>
`;
